// Jest Snapshot v1, https://goo.gl/fbAQLP

exports[`TableFeedbacksPanel renders correctly 1`] = `
<EuiModal
  maxWidth={600}
  onClose={[MockFunction]}
>
  <EuiModalHeader>
    <EuiModalHeaderTitle>
      <h4>
        Share your thoughts on the latest Discover features
      </h4>
    </EuiModalHeaderTitle>
  </EuiModalHeader>
  <EuiModalBody>
    <EuiText>
      <p>
        Event tables: Documents are now expanded through a flyout. Density, column order, and sorting controls have been improved. 
        <a
          href="https://survey.opensearch.org"
        >
          Provide feedbacks
        </a>
        .
      </p>
    </EuiText>
  </EuiModalBody>
  <EuiModalFooter>
    <EuiButtonEmpty
      onClick={[MockFunction]}
    >
      Cancel
    </EuiButtonEmpty>
    <EuiButton
      fill={true}
      onClick={[MockFunction]}
    >
      Turn off new features
    </EuiButton>
  </EuiModalFooter>
</EuiModal>
`;
