// Jest Snapshot v1, https://goo.gl/fbAQLP

exports[`DirectQueryDataConnectionDetail matches snapshot 1`] = `
<DocumentFragment>
  <div
    class="euiPage euiPage--paddingMedium euiPage--grow"
  >
    <div
      class="euiPageBody euiPageBody--borderRadiusNone"
    >
      <header
        class="euiPageHeader euiPageHeader--responsive euiPageHeader--center"
        style="justify-content: spaceBetween;"
      >
        <div
          class="euiPageHeaderSection"
          style="width: 100%; justify-content: space-between;"
        >
          <div
            class="euiFlexGroup euiFlexGroup--gutterLarge euiFlexGroup--directionRow euiFlexGroup--responsive"
          >
            <div
              class="euiFlexItem euiFlexItem--flexGrowZero"
            >
              <h1
                class="euiTitle euiTitle--large"
                data-test-subj="datasourceTitle"
              >
                Test datasource
              </h1>
            </div>
          </div>
        </div>
      </header>
      <div
        class="euiPanel euiPanel--paddingMedium euiPanel--borderRadiusMedium euiPanel--plain euiPanel--hasShadow"
      >
        <div
          class="euiFlexGroup euiFlexGroup--gutterLarge euiFlexGroup--directionRow euiFlexGroup--responsive"
        >
          <div
            class="euiFlexItem"
          >
            <div
              class="euiFlexGroup euiFlexGroup--gutterLarge euiFlexGroup--directionColumn euiFlexGroup--responsive"
            >
              <div
                class="euiFlexItem euiFlexItem--flexGrowZero"
              >
                <div
                  class="euiText euiText--medium overview-title"
                >
                  Connection title
                </div>
                <div
                  class="euiText euiText--small overview-content"
                >
                  Test datasource
                </div>
              </div>
              <div
                class="euiFlexItem euiFlexItem--flexGrowZero"
              >
                <div
                  class="euiText euiText--medium overview-title"
                >
                  Data source description
                </div>
                <div
                  class="euiText euiText--small overview-content"
                >
                  Test description
                </div>
              </div>
            </div>
          </div>
          <div
            class="euiFlexItem"
          >
            <div
              class="euiFlexGroup euiFlexGroup--gutterLarge euiFlexGroup--directionColumn euiFlexGroup--responsive"
            >
              <div
                class="euiFlexItem euiFlexItem--flexGrowZero"
              >
                <div
                  class="euiText euiText--medium overview-title"
                >
                  Prometheus URI
                </div>
                <div
                  class="euiText euiText--small overview-content"
                >
                  placeholder
                </div>
              </div>
            </div>
          </div>
        </div>
        <div
          class="euiSpacer euiSpacer--l"
        />
      </div>
      <div
        class="euiSpacer euiSpacer--l"
      />
      <div
        class="euiAccordion euiAccordion-isOpen"
      >
        <div
          class="euiAccordion__triggerWrapper"
        >
          <button
            aria-controls="queryOrAccelerateAccordion"
            aria-expanded="true"
            class="euiAccordion__button"
            id="generated-id"
            type="button"
          >
            <span
              class="euiAccordion__iconWrapper"
            >
              <span
                class="euiAccordion__icon euiAccordion__icon-isOpen"
                data-euiicon-type="arrowRight"
              />
            </span>
            <span
              class="euiIEFlexWrapFix"
            >
              Get started
            </span>
          </button>
        </div>
        <div
          aria-labelledby="generated-id"
          class="euiAccordion__childWrapper"
          id="queryOrAccelerateAccordion"
          role="region"
          tabindex="-1"
        >
          <div>
            <div
              class="euiAccordion__padding--m"
            >
              <div
                class="euiFlexGroup euiFlexGroup--gutterLarge euiFlexGroup--directionRow euiFlexGroup--responsive"
              >
                <div
                  class="euiFlexItem"
                >
                  <div
                    class="euiPanel euiPanel--paddingMedium euiPanel--borderRadiusMedium euiPanel--plain euiPanel--hasShadow euiPanel--isClickable euiCard euiCard--centerAligned euiCard--isClickable euiCard--hasIcon"
                  >
                    <div
                      class="euiCard__top"
                    >
                      <span
                        class="euiCard__icon"
                        data-euiicon-type="discoverApp"
                      />
                    </div>
                    <div
                      class="euiCard__content"
                    >
                      <span
                        class="euiTitle euiTitle--small euiCard__title"
                        id="generated-idTitle"
                      >
                        <button
                          aria-describedby=" generated-idDescription"
                          class="euiCard__titleButton"
                        >
                          Query data
                        </button>
                      </span>
                      <div
                        class="euiText euiText--small euiCard__description"
                        id="generated-idDescription"
                      >
                        <p>
                          Query your data in Metrics Analytics.
                        </p>
                      </div>
                    </div>
                  </div>
                </div>
              </div>
            </div>
          </div>
        </div>
      </div>
      <div>
        <div
          class="euiTabs"
          role="tablist"
        >
          <button
            aria-controls="generated-id"
            aria-selected="true"
            class="euiTab euiTab-isSelected"
            id="access_control"
            role="tab"
            type="button"
          >
            <span
              class="euiTab__content"
            >
              Access control
            </span>
          </button>
        </div>
        <div
          aria-labelledby="access_control"
          id="generated-id"
          role="tabpanel"
        >
          <div>
            Access Control Tab
          </div>
        </div>
      </div>
      <div
        class="euiSpacer euiSpacer--l"
      />
    </div>
  </div>
</DocumentFragment>
`;
