// Jest Snapshot v1, https://goo.gl/fbAQLP

exports[`EmptyState should render normally 1`] = `
<Fragment>
  <EuiPageContent
    className="pitEmptyState"
    data-test-subj="pointInTimeEmptyState"
    grow={false}
    horizontalPosition="center"
    style={
      Object {
        "minHeight": "70vh",
      }
    }
  >
    <EuiPageContentHeader>
      <EuiPageContentHeaderSection>
        <EuiTitle>
          <h1>
            <FormattedMessage
              defaultMessage="Point in Time"
              id="pointInTimeManagement.header.pointInTimeTitle"
              values={Object {}}
            />
          </h1>
        </EuiTitle>
      </EuiPageContentHeaderSection>
      <EuiButton
        data-test-subj="createPITBtnInHeader"
        fill={true}
        iconType="plusInCircle"
      >
        <FormattedMessage
          defaultMessage="Create point in time"
          id="pointInTimeManagement.header.createPointInTimeButton"
          values={Object {}}
        />
      </EuiButton>
    </EuiPageContentHeader>
    <EuiText
      size="s"
    >
      <p>
        <FormattedMessage
          defaultMessage="Create and manage point in time objects to help you retrieve data from OpenSearch."
          id="pointInTimeManagement.pointInTimeDescription"
          values={Object {}}
        />
      </p>
    </EuiText>
    <EuiSpacer
      size="m"
    />
    <EuiPageContentBody>
      <EuiFlexGroup
        alignItems="center"
        direction="column"
        justifyContent="center"
        style={
          Object {
            "minHeight": "50vh",
          }
        }
      >
        <EuiFlexItem
          grow={false}
        >
          No point in time objects have been created yet.
        </EuiFlexItem>
        <EuiSpacer />
        <EuiButton
          data-test-subj="createPITBtnInBody"
        >
          <FormattedMessage
            defaultMessage="Create point in time"
            id="pointInTimeManagement.createPointInTimeButton"
            values={Object {}}
          />
        </EuiButton>
      </EuiFlexGroup>
    </EuiPageContentBody>
  </EuiPageContent>
</Fragment>
`;
