// Jest Snapshot v1, https://jestjs.io/docs/snapshot-testing

exports[`FieldFormatEditor should render normally 1`] = `
<Fragment>
  <TestEditor
    fieldType="number"
    format={Object {}}
    formatParams={Object {}}
    onChange={[Function]}
    onError={[Function]}
  />
</Fragment>
`;

exports[`FieldFormatEditor should render nothing if there is no editor for the format 1`] = `
<Fragment>
  <TestEditor
    fieldType="number"
    format={Object {}}
    formatParams={Object {}}
    onChange={[Function]}
    onError={[Function]}
  />
</Fragment>
`;
