// Jest Snapshot v1, https://goo.gl/fbAQLP

exports[`OverviewPageHeader  renders with the toolbar by default 1`] = `
<header
  className="osdOverviewPageHeader osdOverviewPageHeader--noOverlap"
>
  <div
    className="osdOverviewPageHeader__inner"
  >
    <EuiFlexGroup>
      <EuiFlexItem>
        <EuiFlexGroup
          gutterSize="m"
          responsive={false}
        >
          <EuiFlexItem>
            <EuiTitle
              size="m"
            >
              <h1
                id="osdOverviewPageHeader__title"
              >
                Page Title
              </h1>
            </EuiTitle>
          </EuiFlexItem>
        </EuiFlexGroup>
      </EuiFlexItem>
      <EuiFlexItem
        grow={false}
      >
        <EuiFlexGroup
          className="osdOverviewPageHeader__actions"
          responsive={false}
          wrap={true}
        >
          <EuiFlexItem
            className="osdOverviewPageHeader__actionItem"
            grow={false}
          >
            <RedirectAppLinks
              application={
                Object {
                  "capabilities": Object {
                    "navLinks": Object {
                      "dev_tools": true,
                      "management": true,
                    },
                  },
                }
              }
            >
              <EuiButtonEmpty
                className="osdOverviewPageHeader__actionButton"
                flush="both"
                href="/app/home#/tutorial_directory"
                iconType="indexOpen"
              >
                Add data
              </EuiButtonEmpty>
            </RedirectAppLinks>
          </EuiFlexItem>
        </EuiFlexGroup>
      </EuiFlexItem>
    </EuiFlexGroup>
  </div>
</header>
`;
