// Jest Snapshot v1, https://goo.gl/fbAQLP

exports[`AdvancedOptions should hide if not showing 1`] = `
<div>
  <EuiSmallButtonEmpty
    iconType="arrowRight"
    onClick={[Function]}
  >
    <MemoizedFormattedMessage
      defaultMessage="Show advanced settings"
      id="indexPatternManagement.createIndexPattern.stepTime.options.showButton"
    />
  </EuiSmallButtonEmpty>
  <EuiSpacer
    size="xs"
  />
</div>
`;

exports[`AdvancedOptions should render normally 1`] = `
<div>
  <EuiSmallButtonEmpty
    iconType="arrowDown"
    onClick={[Function]}
  >
    <MemoizedFormattedMessage
      defaultMessage="Hide advanced settings"
      id="indexPatternManagement.createIndexPattern.stepTime.options.hideButton"
    />
  </EuiSmallButtonEmpty>
  <EuiSpacer
    size="xs"
  />
  <EuiForm>
    <EuiCompressedFormRow
      describedByIds={Array []}
      display="rowCompressed"
      fullWidth={false}
      hasChildLabel={true}
      hasEmptyLabelSpace={false}
      helpText={
        <Memo(MemoizedFormattedMessage)
          defaultMessage="OpenSearch Dashboards will provide a unique identifier for each index pattern. If you do not want to use this unique ID, enter a custom one."
          id="indexPatternManagement.createIndexPattern.stepTime.options.patternLabel"
        />
      }
      label={
        <Memo(MemoizedFormattedMessage)
          defaultMessage="Custom index pattern ID"
          id="indexPatternManagement.createIndexPattern.stepTime.options.patternHeader"
        />
      }
      labelType="label"
    >
      <EuiCompressedFieldText
        data-test-subj="createIndexPatternIdInput"
        name="indexPatternId"
        onChange={[Function]}
        placeholder="custom-index-pattern-id"
        value="foobar"
      />
    </EuiCompressedFormRow>
  </EuiForm>
</div>
`;
