// Jest Snapshot v1, https://goo.gl/fbAQLP

exports[`<HomeListCard /> should render static content normally 1`] = `
<body>
  <div>
    <div
      class="euiPanel euiPanel--paddingMedium euiPanel--borderRadiusMedium euiPanel--plain euiPanel--noShadow euiPanel--noBorder euiCard euiCard--centerAligned"
    >
      <div
        class="euiCard__content"
      >
        <span
          class="euiTitle euiTitle--small euiCard__title"
          id="generated-idTitle"
        >
          What's New
        </span>
        <div
          class="euiCard__children"
        >
          <ul
            class="euiListGroup euiListGroup--gutterSmall euiListGroup-maxWidthDefault"
          >
            <li
              class="euiListGroupItem euiListGroupItem--small euiListGroupItem--text euiListGroupItem-isClickable"
            >
              <a
                class="euiListGroupItem__button"
                href="https://opensearch.org/docs/latest/dashboards/quickstart/"
                rel="noopener noreferrer"
                target="_blank"
              >
                <span
                  class="euiListGroupItem__label"
                  title="Quickstart guide"
                >
                  Quickstart guide
                </span>
              </a>
            </li>
          </ul>
        </div>
      </div>
    </div>
  </div>
</body>
`;
